2025-08-06 20:17:00 | INFO | repo=HuggingFace | action=commit
2025-04-08 09:37:00 | INFO | repo=HuggingFace | action=pull
2025-07-24 13:45:00 | INFO | repo=HuggingFace | action=commit
2025-02-14 07:00:00 | DEBUG | repo=HuggingFace | action=commit
2025-05-05 08:43:00 | DEBUG | repo=HuggingFace | action=commit
2025-02-08 19:23:00 | INFO | repo=HuggingFace | action=commit
2025-11-22 07:55:00 | WARN | repo=HuggingFace | action=commit
2025-09-24 08:54:00 | WARN | repo=HuggingFace | action=commit
2025-10-09 08:51:00 | WARN | repo=HuggingFace | action=commit
2025-04-18 20:21:00 | INFO | repo=HuggingFace | action=commit
2025-01-25 18:12:00 | INFO | repo=HuggingFace | action=commit
2025-10-03 19:39:00 | DEBUG | repo=HuggingFace | action=commit
2025-10-20 21:16:00 | DEBUG | repo=HuggingFace | action=commit
2025-12-13 21:35:00 | DEBUG | repo=HuggingFace | action=commit
2025-10-23 08:31:00 | INFO | repo=HuggingFace | action=commit
2025-04-11 07:33:00 | INFO | repo=HuggingFace | action=commit
2025-11-06 20:29:00 | DEBUG | repo=HuggingFace | action=commit
2025-09-14 14:51:00 | DEBUG | repo=HuggingFace | action=commit
2025-06-11T11:50:00 | nonce=12647720877020935607
2025-08-23T12:00:00 | nonce=10683853973460331260
2025-09-09T11:52:00 | nonce=13699288606672862015
2025-05-03T18:49:00 | nonce=11727187042168625534
2025-04-19T11:11:00 | nonce=8068461347141831228
2025-09-02T19:15:00 | nonce=17813516252959603764
2025-02-28T13:26:00 | nonce=5517666402023065935
2025-10-24T18:15:00 | nonce=10299776621886167150
2025-02-01T18:42:00 | nonce=13535857171864007883
2025-08-22T13:22:00 | nonce=5789709004812643812
2025-06-03T13:52:00 | nonce=15519106236171145908
2025-12-03T14:18:00 | nonce=17568514313377587031
